[NO_PID]: ECPGdebug: set to 1
[NO_PID]: sqlca: code: 0, state: 00000
[NO_PID]: ECPGconnect: opening database regress1 on <DEFAULT> port <DEFAULT>  
[NO_PID]: sqlca: code: 0, state: 00000
[NO_PID]: ecpg_execute on line 26: query: create table t1 ( id serial primary key , t text ); with 0 parameter(s) on connection regress1
[NO_PID]: sqlca: code: 0, state: 00000
[NO_PID]: ecpg_execute on line 26: using PQexec
[NO_PID]: sqlca: code: 0, state: 00000
[NO_PID]: ecpg_process_output on line 26: OK: CREATE TABLE
[NO_PID]: sqlca: code: 0, state: 00000
[NO_PID]: ecpg_execute on line 27: query: insert into t1 ( t ) values ( 'a' ) , ( 'b' ) , ( 'c' ); with 0 parameter(s) on connection regress1
[NO_PID]: sqlca: code: 0, state: 00000
[NO_PID]: ecpg_execute on line 27: using PQexec
[NO_PID]: sqlca: code: 0, state: 00000
[NO_PID]: ecpg_process_output on line 27: OK: INSERT 0 3
[NO_PID]: sqlca: code: 0, state: 00000
[NO_PID]: ECPGtrans on line 28: action "commit"; connection "regress1"
[NO_PID]: sqlca: code: 0, state: 00000
[NO_PID]: ecpg_execute on line 41: query: declare MyCur no scroll cursor for select id , t from t1; with 0 parameter(s) on connection regress1
[NO_PID]: sqlca: code: 0, state: 00000
[NO_PID]: ecpg_execute on line 41: using PQexec
[NO_PID]: sqlca: code: 0, state: 00000
[NO_PID]: ecpg_process_output on line 41: OK: DECLARE CURSOR
[NO_PID]: sqlca: code: 0, state: 00000
[NO_PID]: ecpg_execute on line 49: query: close myCur; with 0 parameter(s) on connection regress1
[NO_PID]: sqlca: code: 0, state: 00000
[NO_PID]: ecpg_execute on line 49: using PQexec
[NO_PID]: sqlca: code: 0, state: 00000
[NO_PID]: ecpg_process_output on line 49: OK: CLOSE CURSOR
[NO_PID]: sqlca: code: 0, state: 00000
[NO_PID]: ecpg_execute on line 64: query: declare "MyCur" no scroll cursor for select id , t from t1; with 0 parameter(s) on connection regress1
[NO_PID]: sqlca: code: 0, state: 00000
[NO_PID]: ecpg_execute on line 64: using PQexec
[NO_PID]: sqlca: code: 0, state: 00000
[NO_PID]: ecpg_process_output on line 64: OK: DECLARE CURSOR
[NO_PID]: sqlca: code: 0, state: 00000
[NO_PID]: raising sqlcode -231 on line 73: invalid cursorname ""myCur"" on line 73
[NO_PID]: sqlca: code: -231, state: 34000
SQL error: invalid cursorname ""myCur"" on line 73
[NO_PID]: raising sqlcode -401 on line 81: current transaction is aborted, commands ignored until end of transaction block on line 81
[NO_PID]: sqlca: code: -401, state: 25P02
SQL error: current transaction is aborted, commands ignored until end of transaction block on line 81
[NO_PID]: ECPGtrans on line 87: action "rollback"; connection "regress1"
[NO_PID]: sqlca: code: 0, state: 00000
[NO_PID]: ECPGtrans on line 98: action "savepoint a"; connection "regress1"
[NO_PID]: sqlca: code: 0, state: 00000
[NO_PID]: ecpg_execute on line 100: query: declare "MyCur" no scroll cursor for select id , t from t1; with 0 parameter(s) on connection regress1
[NO_PID]: sqlca: code: 0, state: 00000
[NO_PID]: ecpg_execute on line 100: using PQexec
[NO_PID]: sqlca: code: 0, state: 00000
[NO_PID]: ecpg_process_output on line 100: OK: DECLARE CURSOR
[NO_PID]: sqlca: code: 0, state: 00000
[NO_PID]: ECPGtrans on line 107: action "rollback to a"; connection "regress1"
[NO_PID]: sqlca: code: 0, state: 00000
[NO_PID]: raising sqlcode -231 on line 110: invalid cursorname ""MyCur"" on line 110
[NO_PID]: sqlca: code: -231, state: 34000
SQL error: invalid cursorname ""MyCur"" on line 110
[NO_PID]: ECPGtrans on line 116: action "rollback"; connection "regress1"
[NO_PID]: sqlca: code: 0, state: 00000
[NO_PID]: ECPGtrans on line 124: action "savepoint a"; connection "regress1"
[NO_PID]: sqlca: code: 0, state: 00000
[NO_PID]: ecpg_execute on line 130: query: declare "MyCur" no scroll cursor for select id , t from t1; with 0 parameter(s) on connection regress1
[NO_PID]: sqlca: code: 0, state: 00000
[NO_PID]: ecpg_execute on line 130: using PQexec
[NO_PID]: sqlca: code: 0, state: 00000
[NO_PID]: ecpg_process_output on line 130: OK: DECLARE CURSOR
[NO_PID]: sqlca: code: 0, state: 00000
[NO_PID]: ECPGtrans on line 136: action "savepoint b"; connection "regress1"
[NO_PID]: sqlca: code: 0, state: 00000
[NO_PID]: ECPGtrans on line 144: action "rollback to c"; connection "regress1"
[NO_PID]: sqlca: code: 0, state: 00000
[NO_PID]: ecpg_check_PQresult on line 144: bad response - ERROR:  no such savepoint
[NO_PID]: sqlca: code: 0, state: 00000
[NO_PID]: raising sqlstate 3B001 (sqlcode -400): no such savepoint on line 144
[NO_PID]: sqlca: code: -400, state: 3B001
SQL error: no such savepoint on line 144
[NO_PID]: ECPGtrans on line 152: action "rollback to a"; connection "regress1"
[NO_PID]: sqlca: code: 0, state: 00000
[NO_PID]: ECPGtrans on line 159: action "rollback to b"; connection "regress1"
[NO_PID]: sqlca: code: 0, state: 00000
[NO_PID]: ecpg_check_PQresult on line 159: bad response - ERROR:  no such savepoint
[NO_PID]: sqlca: code: 0, state: 00000
[NO_PID]: raising sqlstate 3B001 (sqlcode -400): no such savepoint on line 159
[NO_PID]: sqlca: code: -400, state: 3B001
SQL error: no such savepoint on line 159
[NO_PID]: ECPGtrans on line 167: action "rollback to a"; connection "regress1"
[NO_PID]: sqlca: code: 0, state: 00000
[NO_PID]: raising sqlcode -231 on line 175: invalid cursorname ""MyCur"" on line 175
[NO_PID]: sqlca: code: -231, state: 34000
SQL error: invalid cursorname ""MyCur"" on line 175
[NO_PID]: ECPGtrans on line 183: action "rollback to a"; connection "regress1"
[NO_PID]: sqlca: code: 0, state: 00000
[NO_PID]: ECPGtrans on line 191: action "release savepoint a"; connection "regress1"
[NO_PID]: sqlca: code: 0, state: 00000
[NO_PID]: ECPGtrans on line 199: action "rollback to a"; connection "regress1"
[NO_PID]: sqlca: code: 0, state: 00000
[NO_PID]: ecpg_check_PQresult on line 199: bad response - ERROR:  no such savepoint
[NO_PID]: sqlca: code: 0, state: 00000
[NO_PID]: raising sqlstate 3B001 (sqlcode -400): no such savepoint on line 199
[NO_PID]: sqlca: code: -400, state: 3B001
SQL error: no such savepoint on line 199
[NO_PID]: ECPGtrans on line 205: action "rollback"; connection "regress1"
[NO_PID]: sqlca: code: 0, state: 00000
[NO_PID]: ECPGtrans on line 214: action "savepoint a"; connection "regress1"
[NO_PID]: sqlca: code: 0, state: 00000
[NO_PID]: ecpg_execute on line 220: query: declare "MyCur" no scroll cursor for select id , t from t1; with 0 parameter(s) on connection regress1
[NO_PID]: sqlca: code: 0, state: 00000
[NO_PID]: ecpg_execute on line 220: using PQexec
[NO_PID]: sqlca: code: 0, state: 00000
[NO_PID]: ecpg_process_output on line 220: OK: DECLARE CURSOR
[NO_PID]: sqlca: code: 0, state: 00000
[NO_PID]: ECPGfetch on line 226: query: fetch from $0; fetch all: 0 amount: 1
[NO_PID]: sqlca: code: 0, state: 00000
[NO_PID]: ecpg_execute on line 226: query: fetch forward 1 from "MyCur"; with 0 parameter(s) on connection regress1
[NO_PID]: sqlca: code: 0, state: 00000
[NO_PID]: ecpg_execute on line 226: using PQexec
[NO_PID]: sqlca: code: 0, state: 00000
[NO_PID]: ecpg_cursor_execute on line 226: command fetch forward 1 from "MyCur"; returned 1 tuples
[NO_PID]: sqlca: code: 0, state: 00000
[NO_PID]: ecpg_process_output on line 226: correctly got 1 tuples with 2 fields
[NO_PID]: sqlca: code: 0, state: 00000
[NO_PID]: ecpg_get_data on line 226: RESULT: 1 offset: -1; array: no
[NO_PID]: sqlca: code: 0, state: 00000
[NO_PID]: ecpg_get_data on line 226: RESULT: a offset: -1; array: no
[NO_PID]: sqlca: code: 0, state: 00000
[NO_PID]: ECPGtrans on line 232: action "rollback to a"; connection "regress1"
[NO_PID]: sqlca: code: 0, state: 00000
[NO_PID]: raising sqlcode -231 on line 240: invalid cursorname ""MyCur"" on line 240
[NO_PID]: sqlca: code: -231, state: 34000
SQL error: invalid cursorname ""MyCur"" on line 240
[NO_PID]: raising sqlcode -401 on line 246: current transaction is aborted, commands ignored until end of transaction block on line 246
[NO_PID]: sqlca: code: -401, state: 25P02
SQL error: current transaction is aborted, commands ignored until end of transaction block on line 246
[NO_PID]: ECPGtrans on line 252: action "rollback to a"; connection "regress1"
[NO_PID]: sqlca: code: 0, state: 00000
[NO_PID]: ecpg_execute on line 258: query: declare "MyCur" no scroll cursor for select id , t from t1; with 0 parameter(s) on connection regress1
[NO_PID]: sqlca: code: 0, state: 00000
[NO_PID]: ecpg_execute on line 258: using PQexec
[NO_PID]: sqlca: code: 0, state: 00000
[NO_PID]: ecpg_process_output on line 258: OK: DECLARE CURSOR
[NO_PID]: sqlca: code: 0, state: 00000
[NO_PID]: ECPGtrans on line 264: action "release savepoint a"; connection "regress1"
[NO_PID]: sqlca: code: 0, state: 00000
[NO_PID]: ECPGfetch on line 272: query: fetch from $0; fetch all: 0 amount: 1
[NO_PID]: sqlca: code: 0, state: 00000
[NO_PID]: ecpg_execute on line 272: query: fetch forward 1 from "MyCur"; with 0 parameter(s) on connection regress1
[NO_PID]: sqlca: code: 0, state: 00000
[NO_PID]: ecpg_execute on line 272: using PQexec
[NO_PID]: sqlca: code: 0, state: 00000
[NO_PID]: ecpg_cursor_execute on line 272: command fetch forward 1 from "MyCur"; returned 1 tuples
[NO_PID]: sqlca: code: 0, state: 00000
[NO_PID]: ecpg_process_output on line 272: correctly got 1 tuples with 2 fields
[NO_PID]: sqlca: code: 0, state: 00000
[NO_PID]: ecpg_get_data on line 272: RESULT: 1 offset: -1; array: no
[NO_PID]: sqlca: code: 0, state: 00000
[NO_PID]: ecpg_get_data on line 272: RESULT: a offset: -1; array: no
[NO_PID]: sqlca: code: 0, state: 00000
[NO_PID]: ECPGtrans on line 278: action "rollback"; connection "regress1"
[NO_PID]: sqlca: code: 0, state: 00000
[NO_PID]: ecpg_execute on line 282: query: drop table t1; with 0 parameter(s) on connection regress1
[NO_PID]: sqlca: code: 0, state: 00000
[NO_PID]: ecpg_execute on line 282: using PQexec
[NO_PID]: sqlca: code: 0, state: 00000
[NO_PID]: ecpg_process_output on line 282: OK: DROP TABLE
[NO_PID]: sqlca: code: 0, state: 00000
[NO_PID]: ECPGtrans on line 283: action "commit"; connection "regress1"
[NO_PID]: sqlca: code: 0, state: 00000
[NO_PID]: ecpg_finish: connection regress1 closed
[NO_PID]: sqlca: code: 0, state: 00000
