[NO_PID]: ECPGdebug: set to 1
[NO_PID]: sqlca: code: 0, state: 00000
[NO_PID]: ECPGconnect: opening database regress1 on <DEFAULT> port <DEFAULT>  
[NO_PID]: sqlca: code: 0, state: 00000
[NO_PID]: ecpg_execute on line 67: query: create table t1 ( id serial primary key , t text ); with 0 parameter(s) on connection regress1
[NO_PID]: sqlca: code: 0, state: 00000
[NO_PID]: ecpg_execute on line 67: using PQexec
[NO_PID]: sqlca: code: 0, state: 00000
[NO_PID]: ecpg_process_output on line 67: OK: CREATE TABLE
[NO_PID]: sqlca: code: 0, state: 00000
[NO_PID]: ecpg_execute on line 68: query: insert into t1 ( t ) values ( 'a' ) , ( 'b' ) , ( 'c' ) , ( 'd' ) , ( 'e' ) , ( 'f' ) , ( 'g' ); with 0 parameter(s) on connection regress1
[NO_PID]: sqlca: code: 0, state: 00000
[NO_PID]: ecpg_execute on line 68: using PQexec
[NO_PID]: sqlca: code: 0, state: 00000
[NO_PID]: ecpg_process_output on line 68: OK: INSERT 0 7
[NO_PID]: sqlca: code: 0, state: 00000
[NO_PID]: ECPGtrans on line 70: action "commit"; connection "regress1"
[NO_PID]: sqlca: code: 0, state: 00000
[NO_PID]: ecpg_execute on line 72: query: declare mycur scroll cursor for select id , t from t1 order by id; with 0 parameter(s) on connection regress1
[NO_PID]: sqlca: code: 0, state: 00000
[NO_PID]: ecpg_execute on line 72: using PQexec
[NO_PID]: sqlca: code: 0, state: 00000
[NO_PID]: ecpg_process_output on line 72: OK: DECLARE CURSOR
[NO_PID]: sqlca: code: 0, state: 00000
[NO_PID]: ECPGfetch on line 41: query: fetch absolute $0 from mycur; fetch all: 0 amount: 1
[NO_PID]: sqlca: code: 0, state: 00000
[NO_PID]: ecpg_execute on line 41: query: fetch forward 4 from mycur; with 0 parameter(s) on connection regress1
[NO_PID]: sqlca: code: 0, state: 00000
[NO_PID]: ecpg_execute on line 41: using PQexec
[NO_PID]: sqlca: code: 0, state: 00000
[NO_PID]: ecpg_cursor_execute on line 41: command fetch forward 4 from mycur; returned 4 tuples
[NO_PID]: sqlca: code: 0, state: 00000
[NO_PID]: ecpg_process_output on line 41: correctly got 1 tuples with 2 fields
[NO_PID]: sqlca: code: 0, state: 00000
[NO_PID]: ecpg_get_data on line 41: RESULT: 1 offset: -1; array: no
[NO_PID]: sqlca: code: 0, state: 00000
[NO_PID]: ecpg_get_data on line 41: RESULT: a offset: -1; array: no
[NO_PID]: sqlca: code: 0, state: 00000
[NO_PID]: ECPGfetch on line 44: query: fetch forward 1 from mycur; fetch all: 0 amount: 1
[NO_PID]: sqlca: code: 0, state: 00000
[NO_PID]: ecpg_cursor_execute on line 44: tuple already in cache
[NO_PID]: sqlca: code: 0, state: 00000
[NO_PID]: ecpg_process_output on line 44: correctly got 1 tuples with 2 fields
[NO_PID]: sqlca: code: 0, state: 00000
[NO_PID]: ecpg_get_data on line 44: RESULT: 2 offset: -1; array: no
[NO_PID]: sqlca: code: 0, state: 00000
[NO_PID]: ecpg_get_data on line 44: RESULT: b offset: -1; array: no
[NO_PID]: sqlca: code: 0, state: 00000
[NO_PID]: ECPGfetch on line 41: query: fetch absolute $0 from mycur; fetch all: 0 amount: -1
[NO_PID]: sqlca: code: 0, state: 00000
[NO_PID]: ecpg_execute on line 41: query: move forward all in mycur; with 0 parameter(s) on connection regress1
[NO_PID]: sqlca: code: 0, state: 00000
[NO_PID]: ecpg_execute on line 41: using PQexec
[NO_PID]: sqlca: code: 0, state: 00000
[NO_PID]: ecpg_execute on line 41: query: fetch backward 4 from mycur; with 0 parameter(s) on connection regress1
[NO_PID]: sqlca: code: 0, state: 00000
[NO_PID]: ecpg_execute on line 41: using PQexec
[NO_PID]: sqlca: code: 0, state: 00000
[NO_PID]: ecpg_cursor_execute on line 41: command fetch backward 4 from mycur; returned 4 tuples
[NO_PID]: sqlca: code: 0, state: 00000
[NO_PID]: ecpg_process_output on line 41: correctly got 1 tuples with 2 fields
[NO_PID]: sqlca: code: 0, state: 00000
[NO_PID]: ecpg_get_data on line 41: RESULT: 7 offset: -1; array: no
[NO_PID]: sqlca: code: 0, state: 00000
[NO_PID]: ecpg_get_data on line 41: RESULT: g offset: -1; array: no
[NO_PID]: sqlca: code: 0, state: 00000
[NO_PID]: ECPGfetch on line 48: query: fetch backward 1 from mycur; fetch all: 0 amount: -1
[NO_PID]: sqlca: code: 0, state: 00000
[NO_PID]: ecpg_cursor_execute on line 48: tuple already in cache
[NO_PID]: sqlca: code: 0, state: 00000
[NO_PID]: ecpg_process_output on line 48: correctly got 1 tuples with 2 fields
[NO_PID]: sqlca: code: 0, state: 00000
[NO_PID]: ecpg_get_data on line 48: RESULT: 6 offset: -1; array: no
[NO_PID]: sqlca: code: 0, state: 00000
[NO_PID]: ecpg_get_data on line 48: RESULT: f offset: -1; array: no
[NO_PID]: sqlca: code: 0, state: 00000
[NO_PID]: ECPGfetch on line 41: query: fetch absolute $0 from mycur; fetch all: 0 amount: 2
[NO_PID]: sqlca: code: 0, state: 00000
[NO_PID]: ecpg_execute on line 41: query: move absolute 1 in mycur; with 0 parameter(s) on connection regress1
[NO_PID]: sqlca: code: 0, state: 00000
[NO_PID]: ecpg_execute on line 41: using PQexec
[NO_PID]: sqlca: code: 0, state: 00000
[NO_PID]: ecpg_execute on line 41: query: fetch forward 4 from mycur; with 0 parameter(s) on connection regress1
[NO_PID]: sqlca: code: 0, state: 00000
[NO_PID]: ecpg_execute on line 41: using PQexec
[NO_PID]: sqlca: code: 0, state: 00000
[NO_PID]: ecpg_cursor_execute on line 41: command fetch forward 4 from mycur; returned 4 tuples
[NO_PID]: sqlca: code: 0, state: 00000
[NO_PID]: ecpg_process_output on line 41: correctly got 1 tuples with 2 fields
[NO_PID]: sqlca: code: 0, state: 00000
[NO_PID]: ecpg_get_data on line 41: RESULT: 2 offset: -1; array: no
[NO_PID]: sqlca: code: 0, state: 00000
[NO_PID]: ecpg_get_data on line 41: RESULT: b offset: -1; array: no
[NO_PID]: sqlca: code: 0, state: 00000
[NO_PID]: ECPGfetch on line 44: query: fetch forward 1 from mycur; fetch all: 0 amount: 1
[NO_PID]: sqlca: code: 0, state: 00000
[NO_PID]: ecpg_cursor_execute on line 44: tuple already in cache
[NO_PID]: sqlca: code: 0, state: 00000
[NO_PID]: ecpg_process_output on line 44: correctly got 1 tuples with 2 fields
[NO_PID]: sqlca: code: 0, state: 00000
[NO_PID]: ecpg_get_data on line 44: RESULT: 3 offset: -1; array: no
[NO_PID]: sqlca: code: 0, state: 00000
[NO_PID]: ecpg_get_data on line 44: RESULT: c offset: -1; array: no
[NO_PID]: sqlca: code: 0, state: 00000
[NO_PID]: ECPGfetch on line 41: query: fetch absolute $0 from mycur; fetch all: 0 amount: -2
[NO_PID]: sqlca: code: 0, state: 00000
[NO_PID]: ecpg_execute on line 41: query: move absolute -1 in mycur; with 0 parameter(s) on connection regress1
[NO_PID]: sqlca: code: 0, state: 00000
[NO_PID]: ecpg_execute on line 41: using PQexec
[NO_PID]: sqlca: code: 0, state: 00000
[NO_PID]: ecpg_execute on line 41: query: fetch backward 4 from mycur; with 0 parameter(s) on connection regress1
[NO_PID]: sqlca: code: 0, state: 00000
[NO_PID]: ecpg_execute on line 41: using PQexec
[NO_PID]: sqlca: code: 0, state: 00000
[NO_PID]: ecpg_cursor_execute on line 41: command fetch backward 4 from mycur; returned 4 tuples
[NO_PID]: sqlca: code: 0, state: 00000
[NO_PID]: ecpg_process_output on line 41: correctly got 1 tuples with 2 fields
[NO_PID]: sqlca: code: 0, state: 00000
[NO_PID]: ecpg_get_data on line 41: RESULT: 6 offset: -1; array: no
[NO_PID]: sqlca: code: 0, state: 00000
[NO_PID]: ecpg_get_data on line 41: RESULT: f offset: -1; array: no
[NO_PID]: sqlca: code: 0, state: 00000
[NO_PID]: ECPGfetch on line 48: query: fetch backward 1 from mycur; fetch all: 0 amount: -1
[NO_PID]: sqlca: code: 0, state: 00000
[NO_PID]: ecpg_cursor_execute on line 48: tuple already in cache
[NO_PID]: sqlca: code: 0, state: 00000
[NO_PID]: ecpg_process_output on line 48: correctly got 1 tuples with 2 fields
[NO_PID]: sqlca: code: 0, state: 00000
[NO_PID]: ecpg_get_data on line 48: RESULT: 5 offset: -1; array: no
[NO_PID]: sqlca: code: 0, state: 00000
[NO_PID]: ecpg_get_data on line 48: RESULT: e offset: -1; array: no
[NO_PID]: sqlca: code: 0, state: 00000
[NO_PID]: ECPGfetch on line 41: query: fetch absolute $0 from mycur; fetch all: 0 amount: 3
[NO_PID]: sqlca: code: 0, state: 00000
[NO_PID]: ecpg_execute on line 41: query: move absolute 2 in mycur; with 0 parameter(s) on connection regress1
[NO_PID]: sqlca: code: 0, state: 00000
[NO_PID]: ecpg_execute on line 41: using PQexec
[NO_PID]: sqlca: code: 0, state: 00000
[NO_PID]: ecpg_execute on line 41: query: fetch forward 4 from mycur; with 0 parameter(s) on connection regress1
[NO_PID]: sqlca: code: 0, state: 00000
[NO_PID]: ecpg_execute on line 41: using PQexec
[NO_PID]: sqlca: code: 0, state: 00000
[NO_PID]: ecpg_cursor_execute on line 41: command fetch forward 4 from mycur; returned 4 tuples
[NO_PID]: sqlca: code: 0, state: 00000
[NO_PID]: ecpg_process_output on line 41: correctly got 1 tuples with 2 fields
[NO_PID]: sqlca: code: 0, state: 00000
[NO_PID]: ecpg_get_data on line 41: RESULT: 3 offset: -1; array: no
[NO_PID]: sqlca: code: 0, state: 00000
[NO_PID]: ecpg_get_data on line 41: RESULT: c offset: -1; array: no
[NO_PID]: sqlca: code: 0, state: 00000
[NO_PID]: ECPGfetch on line 44: query: fetch forward 1 from mycur; fetch all: 0 amount: 1
[NO_PID]: sqlca: code: 0, state: 00000
[NO_PID]: ecpg_cursor_execute on line 44: tuple already in cache
[NO_PID]: sqlca: code: 0, state: 00000
[NO_PID]: ecpg_process_output on line 44: correctly got 1 tuples with 2 fields
[NO_PID]: sqlca: code: 0, state: 00000
[NO_PID]: ecpg_get_data on line 44: RESULT: 4 offset: -1; array: no
[NO_PID]: sqlca: code: 0, state: 00000
[NO_PID]: ecpg_get_data on line 44: RESULT: d offset: -1; array: no
[NO_PID]: sqlca: code: 0, state: 00000
[NO_PID]: ECPGfetch on line 41: query: fetch absolute $0 from mycur; fetch all: 0 amount: -3
[NO_PID]: sqlca: code: 0, state: 00000
[NO_PID]: ecpg_execute on line 41: query: move absolute -2 in mycur; with 0 parameter(s) on connection regress1
[NO_PID]: sqlca: code: 0, state: 00000
[NO_PID]: ecpg_execute on line 41: using PQexec
[NO_PID]: sqlca: code: 0, state: 00000
[NO_PID]: ecpg_execute on line 41: query: fetch backward 4 from mycur; with 0 parameter(s) on connection regress1
[NO_PID]: sqlca: code: 0, state: 00000
[NO_PID]: ecpg_execute on line 41: using PQexec
[NO_PID]: sqlca: code: 0, state: 00000
[NO_PID]: ecpg_cursor_execute on line 41: command fetch backward 4 from mycur; returned 4 tuples
[NO_PID]: sqlca: code: 0, state: 00000
[NO_PID]: ecpg_process_output on line 41: correctly got 1 tuples with 2 fields
[NO_PID]: sqlca: code: 0, state: 00000
[NO_PID]: ecpg_get_data on line 41: RESULT: 5 offset: -1; array: no
[NO_PID]: sqlca: code: 0, state: 00000
[NO_PID]: ecpg_get_data on line 41: RESULT: e offset: -1; array: no
[NO_PID]: sqlca: code: 0, state: 00000
[NO_PID]: ECPGfetch on line 48: query: fetch backward 1 from mycur; fetch all: 0 amount: -1
[NO_PID]: sqlca: code: 0, state: 00000
[NO_PID]: ecpg_cursor_execute on line 48: tuple already in cache
[NO_PID]: sqlca: code: 0, state: 00000
[NO_PID]: ecpg_process_output on line 48: correctly got 1 tuples with 2 fields
[NO_PID]: sqlca: code: 0, state: 00000
[NO_PID]: ecpg_get_data on line 48: RESULT: 4 offset: -1; array: no
[NO_PID]: sqlca: code: 0, state: 00000
[NO_PID]: ecpg_get_data on line 48: RESULT: d offset: -1; array: no
[NO_PID]: sqlca: code: 0, state: 00000
[NO_PID]: ECPGfetch on line 41: query: fetch absolute $0 from mycur; fetch all: 0 amount: 4
[NO_PID]: sqlca: code: 0, state: 00000
[NO_PID]: ecpg_execute on line 41: query: move absolute 3 in mycur; with 0 parameter(s) on connection regress1
[NO_PID]: sqlca: code: 0, state: 00000
[NO_PID]: ecpg_execute on line 41: using PQexec
[NO_PID]: sqlca: code: 0, state: 00000
[NO_PID]: ecpg_execute on line 41: query: fetch forward 4 from mycur; with 0 parameter(s) on connection regress1
[NO_PID]: sqlca: code: 0, state: 00000
[NO_PID]: ecpg_execute on line 41: using PQexec
[NO_PID]: sqlca: code: 0, state: 00000
[NO_PID]: ecpg_cursor_execute on line 41: command fetch forward 4 from mycur; returned 4 tuples
[NO_PID]: sqlca: code: 0, state: 00000
[NO_PID]: ecpg_process_output on line 41: correctly got 1 tuples with 2 fields
[NO_PID]: sqlca: code: 0, state: 00000
[NO_PID]: ecpg_get_data on line 41: RESULT: 4 offset: -1; array: no
[NO_PID]: sqlca: code: 0, state: 00000
[NO_PID]: ecpg_get_data on line 41: RESULT: d offset: -1; array: no
[NO_PID]: sqlca: code: 0, state: 00000
[NO_PID]: ECPGfetch on line 44: query: fetch forward 1 from mycur; fetch all: 0 amount: 1
[NO_PID]: sqlca: code: 0, state: 00000
[NO_PID]: ecpg_cursor_execute on line 44: tuple already in cache
[NO_PID]: sqlca: code: 0, state: 00000
[NO_PID]: ecpg_process_output on line 44: correctly got 1 tuples with 2 fields
[NO_PID]: sqlca: code: 0, state: 00000
[NO_PID]: ecpg_get_data on line 44: RESULT: 5 offset: -1; array: no
[NO_PID]: sqlca: code: 0, state: 00000
[NO_PID]: ecpg_get_data on line 44: RESULT: e offset: -1; array: no
[NO_PID]: sqlca: code: 0, state: 00000
[NO_PID]: ECPGfetch on line 41: query: fetch absolute $0 from mycur; fetch all: 0 amount: -4
[NO_PID]: sqlca: code: 0, state: 00000
[NO_PID]: ecpg_execute on line 41: query: move absolute -3 in mycur; with 0 parameter(s) on connection regress1
[NO_PID]: sqlca: code: 0, state: 00000
[NO_PID]: ecpg_execute on line 41: using PQexec
[NO_PID]: sqlca: code: 0, state: 00000
[NO_PID]: ecpg_execute on line 41: query: fetch backward 4 from mycur; with 0 parameter(s) on connection regress1
[NO_PID]: sqlca: code: 0, state: 00000
[NO_PID]: ecpg_execute on line 41: using PQexec
[NO_PID]: sqlca: code: 0, state: 00000
[NO_PID]: ecpg_cursor_execute on line 41: command fetch backward 4 from mycur; returned 4 tuples
[NO_PID]: sqlca: code: 0, state: 00000
[NO_PID]: ecpg_process_output on line 41: correctly got 1 tuples with 2 fields
[NO_PID]: sqlca: code: 0, state: 00000
[NO_PID]: ecpg_get_data on line 41: RESULT: 4 offset: -1; array: no
[NO_PID]: sqlca: code: 0, state: 00000
[NO_PID]: ecpg_get_data on line 41: RESULT: d offset: -1; array: no
[NO_PID]: sqlca: code: 0, state: 00000
[NO_PID]: ECPGfetch on line 48: query: fetch backward 1 from mycur; fetch all: 0 amount: -1
[NO_PID]: sqlca: code: 0, state: 00000
[NO_PID]: ecpg_cursor_execute on line 48: tuple already in cache
[NO_PID]: sqlca: code: 0, state: 00000
[NO_PID]: ecpg_process_output on line 48: correctly got 1 tuples with 2 fields
[NO_PID]: sqlca: code: 0, state: 00000
[NO_PID]: ecpg_get_data on line 48: RESULT: 3 offset: -1; array: no
[NO_PID]: sqlca: code: 0, state: 00000
[NO_PID]: ecpg_get_data on line 48: RESULT: c offset: -1; array: no
[NO_PID]: sqlca: code: 0, state: 00000
[NO_PID]: ECPGfetch on line 41: query: fetch absolute $0 from mycur; fetch all: 0 amount: 5
[NO_PID]: sqlca: code: 0, state: 00000
[NO_PID]: ecpg_execute on line 41: query: move absolute 4 in mycur; with 0 parameter(s) on connection regress1
[NO_PID]: sqlca: code: 0, state: 00000
[NO_PID]: ecpg_execute on line 41: using PQexec
[NO_PID]: sqlca: code: 0, state: 00000
[NO_PID]: ecpg_execute on line 41: query: fetch forward 4 from mycur; with 0 parameter(s) on connection regress1
[NO_PID]: sqlca: code: 0, state: 00000
[NO_PID]: ecpg_execute on line 41: using PQexec
[NO_PID]: sqlca: code: 0, state: 00000
[NO_PID]: ecpg_cursor_execute on line 41: command fetch forward 4 from mycur; returned 3 tuples
[NO_PID]: sqlca: code: 0, state: 00000
[NO_PID]: ecpg_process_output on line 41: correctly got 1 tuples with 2 fields
[NO_PID]: sqlca: code: 0, state: 00000
[NO_PID]: ecpg_get_data on line 41: RESULT: 5 offset: -1; array: no
[NO_PID]: sqlca: code: 0, state: 00000
[NO_PID]: ecpg_get_data on line 41: RESULT: e offset: -1; array: no
[NO_PID]: sqlca: code: 0, state: 00000
[NO_PID]: ECPGfetch on line 44: query: fetch forward 1 from mycur; fetch all: 0 amount: 1
[NO_PID]: sqlca: code: 0, state: 00000
[NO_PID]: ecpg_cursor_execute on line 44: tuple already in cache
[NO_PID]: sqlca: code: 0, state: 00000
[NO_PID]: ecpg_process_output on line 44: correctly got 1 tuples with 2 fields
[NO_PID]: sqlca: code: 0, state: 00000
[NO_PID]: ecpg_get_data on line 44: RESULT: 6 offset: -1; array: no
[NO_PID]: sqlca: code: 0, state: 00000
[NO_PID]: ecpg_get_data on line 44: RESULT: f offset: -1; array: no
[NO_PID]: sqlca: code: 0, state: 00000
[NO_PID]: ECPGfetch on line 41: query: fetch absolute $0 from mycur; fetch all: 0 amount: -5
[NO_PID]: sqlca: code: 0, state: 00000
[NO_PID]: ecpg_execute on line 41: query: move absolute -4 in mycur; with 0 parameter(s) on connection regress1
[NO_PID]: sqlca: code: 0, state: 00000
[NO_PID]: ecpg_execute on line 41: using PQexec
[NO_PID]: sqlca: code: 0, state: 00000
[NO_PID]: ecpg_execute on line 41: query: fetch backward 4 from mycur; with 0 parameter(s) on connection regress1
[NO_PID]: sqlca: code: 0, state: 00000
[NO_PID]: ecpg_execute on line 41: using PQexec
[NO_PID]: sqlca: code: 0, state: 00000
[NO_PID]: ecpg_cursor_execute on line 41: command fetch backward 4 from mycur; returned 3 tuples
[NO_PID]: sqlca: code: 0, state: 00000
[NO_PID]: ecpg_process_output on line 41: correctly got 1 tuples with 2 fields
[NO_PID]: sqlca: code: 0, state: 00000
[NO_PID]: ecpg_get_data on line 41: RESULT: 3 offset: -1; array: no
[NO_PID]: sqlca: code: 0, state: 00000
[NO_PID]: ecpg_get_data on line 41: RESULT: c offset: -1; array: no
[NO_PID]: sqlca: code: 0, state: 00000
[NO_PID]: ECPGfetch on line 48: query: fetch backward 1 from mycur; fetch all: 0 amount: -1
[NO_PID]: sqlca: code: 0, state: 00000
[NO_PID]: ecpg_cursor_execute on line 48: tuple already in cache
[NO_PID]: sqlca: code: 0, state: 00000
[NO_PID]: ecpg_process_output on line 48: correctly got 1 tuples with 2 fields
[NO_PID]: sqlca: code: 0, state: 00000
[NO_PID]: ecpg_get_data on line 48: RESULT: 2 offset: -1; array: no
[NO_PID]: sqlca: code: 0, state: 00000
[NO_PID]: ecpg_get_data on line 48: RESULT: b offset: -1; array: no
[NO_PID]: sqlca: code: 0, state: 00000
[NO_PID]: ECPGfetch on line 41: query: fetch absolute $0 from mycur; fetch all: 0 amount: 6
[NO_PID]: sqlca: code: 0, state: 00000
[NO_PID]: ecpg_execute on line 41: query: move absolute 5 in mycur; with 0 parameter(s) on connection regress1
[NO_PID]: sqlca: code: 0, state: 00000
[NO_PID]: ecpg_execute on line 41: using PQexec
[NO_PID]: sqlca: code: 0, state: 00000
[NO_PID]: ecpg_execute on line 41: query: fetch forward 4 from mycur; with 0 parameter(s) on connection regress1
[NO_PID]: sqlca: code: 0, state: 00000
[NO_PID]: ecpg_execute on line 41: using PQexec
[NO_PID]: sqlca: code: 0, state: 00000
[NO_PID]: ecpg_cursor_execute on line 41: command fetch forward 4 from mycur; returned 2 tuples
[NO_PID]: sqlca: code: 0, state: 00000
[NO_PID]: ecpg_process_output on line 41: correctly got 1 tuples with 2 fields
[NO_PID]: sqlca: code: 0, state: 00000
[NO_PID]: ecpg_get_data on line 41: RESULT: 6 offset: -1; array: no
[NO_PID]: sqlca: code: 0, state: 00000
[NO_PID]: ecpg_get_data on line 41: RESULT: f offset: -1; array: no
[NO_PID]: sqlca: code: 0, state: 00000
[NO_PID]: ECPGfetch on line 44: query: fetch forward 1 from mycur; fetch all: 0 amount: 1
[NO_PID]: sqlca: code: 0, state: 00000
[NO_PID]: ecpg_cursor_execute on line 44: tuple already in cache
[NO_PID]: sqlca: code: 0, state: 00000
[NO_PID]: ecpg_process_output on line 44: correctly got 1 tuples with 2 fields
[NO_PID]: sqlca: code: 0, state: 00000
[NO_PID]: ecpg_get_data on line 44: RESULT: 7 offset: -1; array: no
[NO_PID]: sqlca: code: 0, state: 00000
[NO_PID]: ecpg_get_data on line 44: RESULT: g offset: -1; array: no
[NO_PID]: sqlca: code: 0, state: 00000
[NO_PID]: ECPGfetch on line 41: query: fetch absolute $0 from mycur; fetch all: 0 amount: -6
[NO_PID]: sqlca: code: 0, state: 00000
[NO_PID]: ecpg_execute on line 41: query: move absolute -5 in mycur; with 0 parameter(s) on connection regress1
[NO_PID]: sqlca: code: 0, state: 00000
[NO_PID]: ecpg_execute on line 41: using PQexec
[NO_PID]: sqlca: code: 0, state: 00000
[NO_PID]: ecpg_execute on line 41: query: fetch backward 4 from mycur; with 0 parameter(s) on connection regress1
[NO_PID]: sqlca: code: 0, state: 00000
[NO_PID]: ecpg_execute on line 41: using PQexec
[NO_PID]: sqlca: code: 0, state: 00000
[NO_PID]: ecpg_cursor_execute on line 41: command fetch backward 4 from mycur; returned 2 tuples
[NO_PID]: sqlca: code: 0, state: 00000
[NO_PID]: ecpg_process_output on line 41: correctly got 1 tuples with 2 fields
[NO_PID]: sqlca: code: 0, state: 00000
[NO_PID]: ecpg_get_data on line 41: RESULT: 2 offset: -1; array: no
[NO_PID]: sqlca: code: 0, state: 00000
[NO_PID]: ecpg_get_data on line 41: RESULT: b offset: -1; array: no
[NO_PID]: sqlca: code: 0, state: 00000
[NO_PID]: ECPGfetch on line 48: query: fetch backward 1 from mycur; fetch all: 0 amount: -1
[NO_PID]: sqlca: code: 0, state: 00000
[NO_PID]: ecpg_cursor_execute on line 48: tuple already in cache
[NO_PID]: sqlca: code: 0, state: 00000
[NO_PID]: ecpg_process_output on line 48: correctly got 1 tuples with 2 fields
[NO_PID]: sqlca: code: 0, state: 00000
[NO_PID]: ecpg_get_data on line 48: RESULT: 1 offset: -1; array: no
[NO_PID]: sqlca: code: 0, state: 00000
[NO_PID]: ecpg_get_data on line 48: RESULT: a offset: -1; array: no
[NO_PID]: sqlca: code: 0, state: 00000
[NO_PID]: ECPGfetch on line 41: query: fetch absolute $0 from mycur; fetch all: 0 amount: 7
[NO_PID]: sqlca: code: 0, state: 00000
[NO_PID]: ecpg_execute on line 41: query: move absolute 6 in mycur; with 0 parameter(s) on connection regress1
[NO_PID]: sqlca: code: 0, state: 00000
[NO_PID]: ecpg_execute on line 41: using PQexec
[NO_PID]: sqlca: code: 0, state: 00000
[NO_PID]: ecpg_execute on line 41: query: fetch forward 4 from mycur; with 0 parameter(s) on connection regress1
[NO_PID]: sqlca: code: 0, state: 00000
[NO_PID]: ecpg_execute on line 41: using PQexec
[NO_PID]: sqlca: code: 0, state: 00000
[NO_PID]: ecpg_cursor_execute on line 41: command fetch forward 4 from mycur; returned 1 tuples
[NO_PID]: sqlca: code: 0, state: 00000
[NO_PID]: ecpg_process_output on line 41: correctly got 1 tuples with 2 fields
[NO_PID]: sqlca: code: 0, state: 00000
[NO_PID]: ecpg_get_data on line 41: RESULT: 7 offset: -1; array: no
[NO_PID]: sqlca: code: 0, state: 00000
[NO_PID]: ecpg_get_data on line 41: RESULT: g offset: -1; array: no
[NO_PID]: sqlca: code: 0, state: 00000
[NO_PID]: ECPGfetch on line 44: query: fetch forward 1 from mycur; fetch all: 0 amount: 1
[NO_PID]: sqlca: code: 0, state: 00000
[NO_PID]: ecpg_cursor_execute on line 44: tuple already in cache
[NO_PID]: sqlca: code: 0, state: 00000
[NO_PID]: raising sqlcode 100 on line 44: no data found on line 44
[NO_PID]: sqlca: code: 100, state: 02000
[NO_PID]: ECPGfetch on line 41: query: fetch absolute $0 from mycur; fetch all: 0 amount: -7
[NO_PID]: sqlca: code: 0, state: 00000
[NO_PID]: ecpg_execute on line 41: query: move absolute -6 in mycur; with 0 parameter(s) on connection regress1
[NO_PID]: sqlca: code: 0, state: 00000
[NO_PID]: ecpg_execute on line 41: using PQexec
[NO_PID]: sqlca: code: 0, state: 00000
[NO_PID]: ecpg_execute on line 41: query: fetch backward 4 from mycur; with 0 parameter(s) on connection regress1
[NO_PID]: sqlca: code: 0, state: 00000
[NO_PID]: ecpg_execute on line 41: using PQexec
[NO_PID]: sqlca: code: 0, state: 00000
[NO_PID]: ecpg_cursor_execute on line 41: command fetch backward 4 from mycur; returned 1 tuples
[NO_PID]: sqlca: code: 0, state: 00000
[NO_PID]: ecpg_process_output on line 41: correctly got 1 tuples with 2 fields
[NO_PID]: sqlca: code: 0, state: 00000
[NO_PID]: ecpg_get_data on line 41: RESULT: 1 offset: -1; array: no
[NO_PID]: sqlca: code: 0, state: 00000
[NO_PID]: ecpg_get_data on line 41: RESULT: a offset: -1; array: no
[NO_PID]: sqlca: code: 0, state: 00000
[NO_PID]: ECPGfetch on line 48: query: fetch backward 1 from mycur; fetch all: 0 amount: -1
[NO_PID]: sqlca: code: 0, state: 00000
[NO_PID]: ecpg_cursor_execute on line 48: tuple already in cache
[NO_PID]: sqlca: code: 0, state: 00000
[NO_PID]: raising sqlcode 100 on line 48: no data found on line 48
[NO_PID]: sqlca: code: 100, state: 02000
[NO_PID]: ECPGfetch on line 41: query: fetch absolute $0 from mycur; fetch all: 0 amount: 5
[NO_PID]: sqlca: code: 0, state: 00000
[NO_PID]: ecpg_execute on line 41: query: move absolute 4 in mycur; with 0 parameter(s) on connection regress1
[NO_PID]: sqlca: code: 0, state: 00000
[NO_PID]: ecpg_execute on line 41: using PQexec
[NO_PID]: sqlca: code: 0, state: 00000
[NO_PID]: ecpg_execute on line 41: query: fetch forward 4 from mycur; with 0 parameter(s) on connection regress1
[NO_PID]: sqlca: code: 0, state: 00000
[NO_PID]: ecpg_execute on line 41: using PQexec
[NO_PID]: sqlca: code: 0, state: 00000
[NO_PID]: ecpg_cursor_execute on line 41: command fetch forward 4 from mycur; returned 3 tuples
[NO_PID]: sqlca: code: 0, state: 00000
[NO_PID]: ecpg_process_output on line 41: correctly got 1 tuples with 2 fields
[NO_PID]: sqlca: code: 0, state: 00000
[NO_PID]: ecpg_get_data on line 41: RESULT: 5 offset: -1; array: no
[NO_PID]: sqlca: code: 0, state: 00000
[NO_PID]: ecpg_get_data on line 41: RESULT: e offset: -1; array: no
[NO_PID]: sqlca: code: 0, state: 00000
[NO_PID]: ECPGfetch on line 44: query: fetch forward 1 from mycur; fetch all: 0 amount: 1
[NO_PID]: sqlca: code: 0, state: 00000
[NO_PID]: ecpg_cursor_execute on line 44: tuple already in cache
[NO_PID]: sqlca: code: 0, state: 00000
[NO_PID]: ecpg_process_output on line 44: correctly got 1 tuples with 2 fields
[NO_PID]: sqlca: code: 0, state: 00000
[NO_PID]: ecpg_get_data on line 44: RESULT: 6 offset: -1; array: no
[NO_PID]: sqlca: code: 0, state: 00000
[NO_PID]: ecpg_get_data on line 44: RESULT: f offset: -1; array: no
[NO_PID]: sqlca: code: 0, state: 00000
[NO_PID]: ECPGfetch on line 41: query: fetch absolute $0 from mycur; fetch all: 0 amount: -1
[NO_PID]: sqlca: code: 0, state: 00000
[NO_PID]: ecpg_cursor_execute on line 41: tuple already in cache
[NO_PID]: sqlca: code: 0, state: 00000
[NO_PID]: ecpg_process_output on line 41: correctly got 1 tuples with 2 fields
[NO_PID]: sqlca: code: 0, state: 00000
[NO_PID]: ecpg_get_data on line 41: RESULT: 7 offset: -1; array: no
[NO_PID]: sqlca: code: 0, state: 00000
[NO_PID]: ecpg_get_data on line 41: RESULT: g offset: -1; array: no
[NO_PID]: sqlca: code: 0, state: 00000
[NO_PID]: ECPGfetch on line 48: query: fetch backward 1 from mycur; fetch all: 0 amount: -1
[NO_PID]: sqlca: code: 0, state: 00000
[NO_PID]: ecpg_cursor_execute on line 48: tuple already in cache
[NO_PID]: sqlca: code: 0, state: 00000
[NO_PID]: ecpg_process_output on line 48: correctly got 1 tuples with 2 fields
[NO_PID]: sqlca: code: 0, state: 00000
[NO_PID]: ecpg_get_data on line 48: RESULT: 6 offset: -1; array: no
[NO_PID]: sqlca: code: 0, state: 00000
[NO_PID]: ecpg_get_data on line 48: RESULT: f offset: -1; array: no
[NO_PID]: sqlca: code: 0, state: 00000
[NO_PID]: ECPGfetch on line 41: query: fetch absolute $0 from mycur; fetch all: 0 amount: 6
[NO_PID]: sqlca: code: 0, state: 00000
[NO_PID]: ecpg_cursor_execute on line 41: tuple already in cache
[NO_PID]: sqlca: code: 0, state: 00000
[NO_PID]: ecpg_process_output on line 41: correctly got 1 tuples with 2 fields
[NO_PID]: sqlca: code: 0, state: 00000
[NO_PID]: ecpg_get_data on line 41: RESULT: 6 offset: -1; array: no
[NO_PID]: sqlca: code: 0, state: 00000
[NO_PID]: ecpg_get_data on line 41: RESULT: f offset: -1; array: no
[NO_PID]: sqlca: code: 0, state: 00000
[NO_PID]: ECPGfetch on line 44: query: fetch forward 1 from mycur; fetch all: 0 amount: 1
[NO_PID]: sqlca: code: 0, state: 00000
[NO_PID]: ecpg_cursor_execute on line 44: tuple already in cache
[NO_PID]: sqlca: code: 0, state: 00000
[NO_PID]: ecpg_process_output on line 44: correctly got 1 tuples with 2 fields
[NO_PID]: sqlca: code: 0, state: 00000
[NO_PID]: ecpg_get_data on line 44: RESULT: 7 offset: -1; array: no
[NO_PID]: sqlca: code: 0, state: 00000
[NO_PID]: ecpg_get_data on line 44: RESULT: g offset: -1; array: no
[NO_PID]: sqlca: code: 0, state: 00000
[NO_PID]: ECPGfetch on line 41: query: fetch absolute $0 from mycur; fetch all: 0 amount: -2
[NO_PID]: sqlca: code: 0, state: 00000
[NO_PID]: ecpg_cursor_execute on line 41: tuple already in cache
[NO_PID]: sqlca: code: 0, state: 00000
[NO_PID]: ecpg_process_output on line 41: correctly got 1 tuples with 2 fields
[NO_PID]: sqlca: code: 0, state: 00000
[NO_PID]: ecpg_get_data on line 41: RESULT: 6 offset: -1; array: no
[NO_PID]: sqlca: code: 0, state: 00000
[NO_PID]: ecpg_get_data on line 41: RESULT: f offset: -1; array: no
[NO_PID]: sqlca: code: 0, state: 00000
[NO_PID]: ECPGfetch on line 48: query: fetch backward 1 from mycur; fetch all: 0 amount: -1
[NO_PID]: sqlca: code: 0, state: 00000
[NO_PID]: ecpg_cursor_execute on line 48: tuple already in cache
[NO_PID]: sqlca: code: 0, state: 00000
[NO_PID]: ecpg_process_output on line 48: correctly got 1 tuples with 2 fields
[NO_PID]: sqlca: code: 0, state: 00000
[NO_PID]: ecpg_get_data on line 48: RESULT: 5 offset: -1; array: no
[NO_PID]: sqlca: code: 0, state: 00000
[NO_PID]: ecpg_get_data on line 48: RESULT: e offset: -1; array: no
[NO_PID]: sqlca: code: 0, state: 00000
[NO_PID]: ECPGfetch on line 41: query: fetch absolute $0 from mycur; fetch all: 0 amount: 7
[NO_PID]: sqlca: code: 0, state: 00000
[NO_PID]: ecpg_cursor_execute on line 41: tuple already in cache
[NO_PID]: sqlca: code: 0, state: 00000
[NO_PID]: ecpg_process_output on line 41: correctly got 1 tuples with 2 fields
[NO_PID]: sqlca: code: 0, state: 00000
[NO_PID]: ecpg_get_data on line 41: RESULT: 7 offset: -1; array: no
[NO_PID]: sqlca: code: 0, state: 00000
[NO_PID]: ecpg_get_data on line 41: RESULT: g offset: -1; array: no
[NO_PID]: sqlca: code: 0, state: 00000
[NO_PID]: ECPGfetch on line 44: query: fetch forward 1 from mycur; fetch all: 0 amount: 1
[NO_PID]: sqlca: code: 0, state: 00000
[NO_PID]: ecpg_cursor_execute on line 44: tuple already in cache
[NO_PID]: sqlca: code: 0, state: 00000
[NO_PID]: raising sqlcode 100 on line 44: no data found on line 44
[NO_PID]: sqlca: code: 100, state: 02000
[NO_PID]: ECPGfetch on line 41: query: fetch absolute $0 from mycur; fetch all: 0 amount: -3
[NO_PID]: sqlca: code: 0, state: 00000
[NO_PID]: ecpg_cursor_execute on line 41: tuple already in cache
[NO_PID]: sqlca: code: 0, state: 00000
[NO_PID]: ecpg_process_output on line 41: correctly got 1 tuples with 2 fields
[NO_PID]: sqlca: code: 0, state: 00000
[NO_PID]: ecpg_get_data on line 41: RESULT: 5 offset: -1; array: no
[NO_PID]: sqlca: code: 0, state: 00000
[NO_PID]: ecpg_get_data on line 41: RESULT: e offset: -1; array: no
[NO_PID]: sqlca: code: 0, state: 00000
[NO_PID]: ECPGfetch on line 48: query: fetch backward 1 from mycur; fetch all: 0 amount: -1
[NO_PID]: sqlca: code: 0, state: 00000
[NO_PID]: ecpg_execute on line 48: query: move absolute -3 in mycur; with 0 parameter(s) on connection regress1
[NO_PID]: sqlca: code: 0, state: 00000
[NO_PID]: ecpg_execute on line 48: using PQexec
[NO_PID]: sqlca: code: 0, state: 00000
[NO_PID]: ecpg_execute on line 48: query: fetch backward 4 from mycur; with 0 parameter(s) on connection regress1
[NO_PID]: sqlca: code: 0, state: 00000
[NO_PID]: ecpg_execute on line 48: using PQexec
[NO_PID]: sqlca: code: 0, state: 00000
[NO_PID]: ecpg_cursor_execute on line 48: command fetch backward 4 from mycur; returned 4 tuples
[NO_PID]: sqlca: code: 0, state: 00000
[NO_PID]: ecpg_process_output on line 48: correctly got 1 tuples with 2 fields
[NO_PID]: sqlca: code: 0, state: 00000
[NO_PID]: ecpg_get_data on line 48: RESULT: 4 offset: -1; array: no
[NO_PID]: sqlca: code: 0, state: 00000
[NO_PID]: ecpg_get_data on line 48: RESULT: d offset: -1; array: no
[NO_PID]: sqlca: code: 0, state: 00000
[NO_PID]: ecpg_execute on line 115: query: close mycur; with 0 parameter(s) on connection regress1
[NO_PID]: sqlca: code: 0, state: 00000
[NO_PID]: ecpg_execute on line 115: using PQexec
[NO_PID]: sqlca: code: 0, state: 00000
[NO_PID]: ecpg_process_output on line 115: OK: CLOSE CURSOR
[NO_PID]: sqlca: code: 0, state: 00000
[NO_PID]: ecpg_execute on line 119: query: drop table t1; with 0 parameter(s) on connection regress1
[NO_PID]: sqlca: code: 0, state: 00000
[NO_PID]: ecpg_execute on line 119: using PQexec
[NO_PID]: sqlca: code: 0, state: 00000
[NO_PID]: ecpg_process_output on line 119: OK: DROP TABLE
[NO_PID]: sqlca: code: 0, state: 00000
[NO_PID]: ECPGtrans on line 120: action "commit"; connection "regress1"
[NO_PID]: sqlca: code: 0, state: 00000
[NO_PID]: ecpg_finish: connection regress1 closed
[NO_PID]: sqlca: code: 0, state: 00000
