[NO_PID]: ECPGdebug: set to 1
[NO_PID]: sqlca: code: 0, state: 00000
[NO_PID]: ECPGconnect: opening database regress1 on <DEFAULT> port <DEFAULT>  
[NO_PID]: sqlca: code: 0, state: 00000
[NO_PID]: ecpg_execute on line 16: query: create table t1 ( id serial primary key , t text ); with 0 parameter(s) on connection regress1
[NO_PID]: sqlca: code: 0, state: 00000
[NO_PID]: ecpg_execute on line 16: using PQexec
[NO_PID]: sqlca: code: 0, state: 00000
[NO_PID]: ecpg_process_output on line 16: OK: CREATE TABLE
[NO_PID]: sqlca: code: 0, state: 00000
[NO_PID]: ecpg_execute on line 17: query: insert into t1 ( t ) values ( 'a' ) , ( 'b' ) , ( 'c' ) , ( 'd' ) , ( 'e' ) , ( 'f' ) , ( 'g' ) , ( 'h' ) , ( 'i' ) , ( 'j' ) , ( 'k' ) , ( 'l' ) , ( 'm' ) , ( 'n' ) , ( 'o' ) , ( 'p' ) , ( 'q' ) , ( 'r' ) , ( 's' ) , ( 't' ) , ( 'u' ) , ( 'v' ) , ( 'w' ) , ( 'x' ) , ( 'y' ) , ( 'z' ); with 0 parameter(s) on connection regress1
[NO_PID]: sqlca: code: 0, state: 00000
[NO_PID]: ecpg_execute on line 17: using PQexec
[NO_PID]: sqlca: code: 0, state: 00000
[NO_PID]: ecpg_process_output on line 17: OK: INSERT 0 26
[NO_PID]: sqlca: code: 0, state: 00000
[NO_PID]: ECPGtrans on line 22: action "commit"; connection "regress1"
[NO_PID]: sqlca: code: 0, state: 00000
[NO_PID]: ecpg_execute on line 34: query: declare scroll_cur scroll cursor for select id , t from t1 order by id; with 0 parameter(s) on connection regress1
[NO_PID]: sqlca: code: 0, state: 00000
[NO_PID]: ecpg_execute on line 34: using PQexec
[NO_PID]: sqlca: code: 0, state: 00000
[NO_PID]: ecpg_process_output on line 34: OK: DECLARE CURSOR
[NO_PID]: sqlca: code: 0, state: 00000
[NO_PID]: ECPGfetch on line 38: query: move absolute - 1 in scroll_cur; fetch all: 0 amount: -1
[NO_PID]: sqlca: code: 0, state: 00000
[NO_PID]: ecpg_execute on line 38: query: move absolute -1 in scroll_cur; with 0 parameter(s) on connection regress1
[NO_PID]: sqlca: code: 0, state: 00000
[NO_PID]: ecpg_execute on line 38: using PQexec
[NO_PID]: sqlca: code: 0, state: 00000
[NO_PID]: ecpg_process_output on line 38: stmt->results is NULL, ignoring
[NO_PID]: sqlca: code: 0, state: 00000
[NO_PID]: ECPGtrans on line 44: action "rollback"; connection "regress1"
[NO_PID]: sqlca: code: 0, state: 00000
[NO_PID]: ecpg_execute on line 48: query: declare noscroll_cur no scroll cursor for select id , t from t1 order by id; with 0 parameter(s) on connection regress1
[NO_PID]: sqlca: code: 0, state: 00000
[NO_PID]: ecpg_execute on line 48: using PQexec
[NO_PID]: sqlca: code: 0, state: 00000
[NO_PID]: ecpg_process_output on line 48: OK: DECLARE CURSOR
[NO_PID]: sqlca: code: 0, state: 00000
[NO_PID]: raising sqlcode -231 on line 52: cursor "noscroll_cur" can only scan forward on line 52
[NO_PID]: sqlca: code: -231, state: 55000
SQL error: cursor "noscroll_cur" can only scan forward on line 52
[NO_PID]: ECPGtrans on line 58: action "rollback"; connection "regress1"
[NO_PID]: sqlca: code: 0, state: 00000
[NO_PID]: ecpg_execute on line 62: query: declare unspec_cur1 no scroll cursor for select id , t from t1 order by id; with 0 parameter(s) on connection regress1
[NO_PID]: sqlca: code: 0, state: 00000
[NO_PID]: ecpg_execute on line 62: using PQexec
[NO_PID]: sqlca: code: 0, state: 00000
[NO_PID]: ecpg_process_output on line 62: OK: DECLARE CURSOR
[NO_PID]: sqlca: code: 0, state: 00000
[NO_PID]: raising sqlcode -231 on line 66: cursor "unspec_cur1" can only scan forward on line 66
[NO_PID]: sqlca: code: -231, state: 55000
SQL error: cursor "unspec_cur1" can only scan forward on line 66
[NO_PID]: ECPGtrans on line 72: action "rollback"; connection "regress1"
[NO_PID]: sqlca: code: 0, state: 00000
[NO_PID]: ecpg_execute on line 76: query: declare unspec_cur2 no scroll cursor for select t1 . id , t1 . t , t2 . id , t2 . t from t1 join t1 as t2 on ( t1 . id = 27 - t2 . id ) order by t1 . id; with 0 parameter(s) on connection regress1
[NO_PID]: sqlca: code: 0, state: 00000
[NO_PID]: ecpg_execute on line 76: using PQexec
[NO_PID]: sqlca: code: 0, state: 00000
[NO_PID]: ecpg_process_output on line 76: OK: DECLARE CURSOR
[NO_PID]: sqlca: code: 0, state: 00000
[NO_PID]: raising sqlcode -231 on line 80: cursor "unspec_cur2" can only scan forward on line 80
[NO_PID]: sqlca: code: -231, state: 55000
SQL error: cursor "unspec_cur2" can only scan forward on line 80
[NO_PID]: ECPGtrans on line 86: action "rollback"; connection "regress1"
[NO_PID]: sqlca: code: 0, state: 00000
[NO_PID]: ecpg_execute on line 92: query: declare scroll_cur scroll cursor for select id , t from t1 order by id; with 0 parameter(s) on connection regress1
[NO_PID]: sqlca: code: 0, state: 00000
[NO_PID]: ecpg_execute on line 92: using PQexec
[NO_PID]: sqlca: code: 0, state: 00000
[NO_PID]: ecpg_process_output on line 92: OK: DECLARE CURSOR
[NO_PID]: sqlca: code: 0, state: 00000
[NO_PID]: ECPGfetch on line 99: query: move relative 8 in scroll_cur; fetch all: 0 amount: 8
[NO_PID]: sqlca: code: 0, state: 00000
[NO_PID]: ecpg_execute on line 99: query: move relative 8 in scroll_cur; with 0 parameter(s) on connection regress1
[NO_PID]: sqlca: code: 0, state: 00000
[NO_PID]: ecpg_execute on line 99: using PQexec
[NO_PID]: sqlca: code: 0, state: 00000
[NO_PID]: ecpg_process_output on line 99: stmt->results is NULL, ignoring
[NO_PID]: sqlca: code: 0, state: 00000
[NO_PID]: ECPGfetch on line 99: query: move relative 8 in scroll_cur; fetch all: 0 amount: 8
[NO_PID]: sqlca: code: 0, state: 00000
[NO_PID]: ecpg_execute on line 99: query: move relative 8 in scroll_cur; with 0 parameter(s) on connection regress1
[NO_PID]: sqlca: code: 0, state: 00000
[NO_PID]: ecpg_execute on line 99: using PQexec
[NO_PID]: sqlca: code: 0, state: 00000
[NO_PID]: ecpg_process_output on line 99: stmt->results is NULL, ignoring
[NO_PID]: sqlca: code: 0, state: 00000
[NO_PID]: ECPGfetch on line 99: query: move relative 8 in scroll_cur; fetch all: 0 amount: 8
[NO_PID]: sqlca: code: 0, state: 00000
[NO_PID]: ecpg_execute on line 99: query: move relative 8 in scroll_cur; with 0 parameter(s) on connection regress1
[NO_PID]: sqlca: code: 0, state: 00000
[NO_PID]: ecpg_execute on line 99: using PQexec
[NO_PID]: sqlca: code: 0, state: 00000
[NO_PID]: ecpg_process_output on line 99: stmt->results is NULL, ignoring
[NO_PID]: sqlca: code: 0, state: 00000
[NO_PID]: ECPGfetch on line 99: query: move relative 8 in scroll_cur; fetch all: 0 amount: 8
[NO_PID]: sqlca: code: 0, state: 00000
[NO_PID]: ecpg_execute on line 99: query: move relative 8 in scroll_cur; with 0 parameter(s) on connection regress1
[NO_PID]: sqlca: code: 0, state: 00000
[NO_PID]: ecpg_execute on line 99: using PQexec
[NO_PID]: sqlca: code: 0, state: 00000
[NO_PID]: ecpg_process_output on line 99: stmt->results is NULL, ignoring
[NO_PID]: sqlca: code: 0, state: 00000
[NO_PID]: ECPGfetch on line 112: query: move relative - 8 in scroll_cur; fetch all: 0 amount: -8
[NO_PID]: sqlca: code: 0, state: 00000
[NO_PID]: ecpg_process_output on line 112: stmt->results is NULL, ignoring
[NO_PID]: sqlca: code: 0, state: 00000
[NO_PID]: ECPGfetch on line 112: query: move relative - 8 in scroll_cur; fetch all: 0 amount: -8
[NO_PID]: sqlca: code: 0, state: 00000
[NO_PID]: ecpg_process_output on line 112: stmt->results is NULL, ignoring
[NO_PID]: sqlca: code: 0, state: 00000
[NO_PID]: ECPGfetch on line 112: query: move relative - 8 in scroll_cur; fetch all: 0 amount: -8
[NO_PID]: sqlca: code: 0, state: 00000
[NO_PID]: ecpg_process_output on line 112: stmt->results is NULL, ignoring
[NO_PID]: sqlca: code: 0, state: 00000
[NO_PID]: ECPGfetch on line 112: query: move relative - 8 in scroll_cur; fetch all: 0 amount: -8
[NO_PID]: sqlca: code: 0, state: 00000
[NO_PID]: ecpg_execute on line 112: query: move absolute -24 in scroll_cur; with 0 parameter(s) on connection regress1
[NO_PID]: sqlca: code: 0, state: 00000
[NO_PID]: ecpg_execute on line 112: using PQexec
[NO_PID]: sqlca: code: 0, state: 00000
[NO_PID]: ecpg_execute on line 112: query: move relative -8 in scroll_cur; with 0 parameter(s) on connection regress1
[NO_PID]: sqlca: code: 0, state: 00000
[NO_PID]: ecpg_execute on line 112: using PQexec
[NO_PID]: sqlca: code: 0, state: 00000
[NO_PID]: ecpg_process_output on line 112: stmt->results is NULL, ignoring
[NO_PID]: sqlca: code: 0, state: 00000
[NO_PID]: ECPGtrans on line 120: action "rollback"; connection "regress1"
[NO_PID]: sqlca: code: 0, state: 00000
[NO_PID]: ecpg_execute on line 126: query: declare scroll_cur scroll cursor for select id , t from t1 order by id; with 0 parameter(s) on connection regress1
[NO_PID]: sqlca: code: 0, state: 00000
[NO_PID]: ecpg_execute on line 126: using PQexec
[NO_PID]: sqlca: code: 0, state: 00000
[NO_PID]: ecpg_process_output on line 126: OK: DECLARE CURSOR
[NO_PID]: sqlca: code: 0, state: 00000
[NO_PID]: ECPGfetch on line 133: query: move forward 8 in scroll_cur; fetch all: 0 amount: 8
[NO_PID]: sqlca: code: 0, state: 00000
[NO_PID]: ecpg_execute on line 133: query: move forward 8 in scroll_cur; with 0 parameter(s) on connection regress1
[NO_PID]: sqlca: code: 0, state: 00000
[NO_PID]: ecpg_execute on line 133: using PQexec
[NO_PID]: sqlca: code: 0, state: 00000
[NO_PID]: ecpg_process_output on line 133: OK: MOVE 8
[NO_PID]: sqlca: code: 0, state: 00000
[NO_PID]: ECPGfetch on line 133: query: move forward 8 in scroll_cur; fetch all: 0 amount: 8
[NO_PID]: sqlca: code: 0, state: 00000
[NO_PID]: ecpg_execute on line 133: query: move forward 8 in scroll_cur; with 0 parameter(s) on connection regress1
[NO_PID]: sqlca: code: 0, state: 00000
[NO_PID]: ecpg_execute on line 133: using PQexec
[NO_PID]: sqlca: code: 0, state: 00000
[NO_PID]: ecpg_process_output on line 133: OK: MOVE 8
[NO_PID]: sqlca: code: 0, state: 00000
[NO_PID]: ECPGfetch on line 133: query: move forward 8 in scroll_cur; fetch all: 0 amount: 8
[NO_PID]: sqlca: code: 0, state: 00000
[NO_PID]: ecpg_execute on line 133: query: move forward 8 in scroll_cur; with 0 parameter(s) on connection regress1
[NO_PID]: sqlca: code: 0, state: 00000
[NO_PID]: ecpg_execute on line 133: using PQexec
[NO_PID]: sqlca: code: 0, state: 00000
[NO_PID]: ecpg_process_output on line 133: OK: MOVE 8
[NO_PID]: sqlca: code: 0, state: 00000
[NO_PID]: ECPGfetch on line 133: query: move forward 8 in scroll_cur; fetch all: 0 amount: 8
[NO_PID]: sqlca: code: 0, state: 00000
[NO_PID]: ecpg_execute on line 133: query: move forward 8 in scroll_cur; with 0 parameter(s) on connection regress1
[NO_PID]: sqlca: code: 0, state: 00000
[NO_PID]: ecpg_execute on line 133: using PQexec
[NO_PID]: sqlca: code: 0, state: 00000
[NO_PID]: ecpg_process_output on line 133: OK: MOVE 2
[NO_PID]: sqlca: code: 0, state: 00000
[NO_PID]: ECPGfetch on line 133: query: move forward 8 in scroll_cur; fetch all: 0 amount: 8
[NO_PID]: sqlca: code: 0, state: 00000
[NO_PID]: ecpg_process_output on line 133: stmt->results is NULL, ignoring
[NO_PID]: sqlca: code: 0, state: 00000
[NO_PID]: ECPGfetch on line 146: query: move forward - 8 in scroll_cur; fetch all: 0 amount: -8
[NO_PID]: sqlca: code: 0, state: 00000
[NO_PID]: ecpg_process_output on line 146: stmt->results is NULL, ignoring
[NO_PID]: sqlca: code: 0, state: 00000
[NO_PID]: ECPGfetch on line 146: query: move forward - 8 in scroll_cur; fetch all: 0 amount: -8
[NO_PID]: sqlca: code: 0, state: 00000
[NO_PID]: ecpg_process_output on line 146: stmt->results is NULL, ignoring
[NO_PID]: sqlca: code: 0, state: 00000
[NO_PID]: ECPGfetch on line 146: query: move forward - 8 in scroll_cur; fetch all: 0 amount: -8
[NO_PID]: sqlca: code: 0, state: 00000
[NO_PID]: ecpg_process_output on line 146: stmt->results is NULL, ignoring
[NO_PID]: sqlca: code: 0, state: 00000
[NO_PID]: ECPGfetch on line 146: query: move forward - 8 in scroll_cur; fetch all: 0 amount: -8
[NO_PID]: sqlca: code: 0, state: 00000
[NO_PID]: ecpg_process_output on line 146: stmt->results is NULL, ignoring
[NO_PID]: sqlca: code: 0, state: 00000
[NO_PID]: ECPGfetch on line 146: query: move forward - 8 in scroll_cur; fetch all: 0 amount: -8
[NO_PID]: sqlca: code: 0, state: 00000
[NO_PID]: ecpg_process_output on line 146: stmt->results is NULL, ignoring
[NO_PID]: sqlca: code: 0, state: 00000
[NO_PID]: ECPGtrans on line 154: action "rollback"; connection "regress1"
[NO_PID]: sqlca: code: 0, state: 00000
[NO_PID]: ecpg_execute on line 158: query: drop table t1; with 0 parameter(s) on connection regress1
[NO_PID]: sqlca: code: 0, state: 00000
[NO_PID]: ecpg_execute on line 158: using PQexec
[NO_PID]: sqlca: code: 0, state: 00000
[NO_PID]: ecpg_process_output on line 158: OK: DROP TABLE
[NO_PID]: sqlca: code: 0, state: 00000
[NO_PID]: ECPGtrans on line 159: action "commit"; connection "regress1"
[NO_PID]: sqlca: code: 0, state: 00000
[NO_PID]: ecpg_finish: connection regress1 closed
[NO_PID]: sqlca: code: 0, state: 00000
