Discover total number of tuples and test flipping fetch directions
absolute: 1 id: 1 t 'a'
absolute: 2 id: 2 t 'b'
absolute: -1 id: 7 t 'g'
absolute: -2 id: 6 t 'f'
absolute: 2 id: 2 t 'b'
absolute: 3 id: 3 t 'c'
absolute: -2 id: 6 t 'f'
absolute: -3 id: 5 t 'e'
absolute: 3 id: 3 t 'c'
absolute: 4 id: 4 t 'd'
absolute: -3 id: 5 t 'e'
absolute: -4 id: 4 t 'd'
absolute: 4 id: 4 t 'd'
absolute: 5 id: 5 t 'e'
absolute: -4 id: 4 t 'd'
absolute: -5 id: 3 t 'c'
absolute: 5 id: 5 t 'e'
absolute: 6 id: 6 t 'f'
absolute: -5 id: 3 t 'c'
absolute: -6 id: 2 t 'b'
absolute: 6 id: 6 t 'f'
absolute: 7 id: 7 t 'g'
absolute: -6 id: 2 t 'b'
absolute: -7 id: 1 t 'a'
absolute: 7 id: 7 t 'g'
absolute: -7 id: 1 t 'a'
Re-test flipping of fetch directions
absolute: 5 id: 5 t 'e'
absolute: 6 id: 6 t 'f'
absolute: -1 id: 7 t 'g'
absolute: -2 id: 6 t 'f'
absolute: 6 id: 6 t 'f'
absolute: 7 id: 7 t 'g'
absolute: -2 id: 6 t 'f'
absolute: -3 id: 5 t 'e'
absolute: 7 id: 7 t 'g'
absolute: -3 id: 5 t 'e'
absolute: -4 id: 4 t 'd'
